Archive member included to satisfy reference by file (symbol)

/home/ubuntu/gcc-arm-none-eabi-7-2017-q4-major/bin/../lib/gcc/arm-none-eabi/7.2.1/../../../../arm-none-eabi/lib/thumb/v7e-m/fpv4-sp/hard/libc_nano.a(lib_a-exit.o)
                              /home/ubuntu/gcc-arm-none-eabi-7-2017-q4-major/bin/../lib/gcc/arm-none-eabi/7.2.1/../../../../arm-none-eabi/lib/thumb/v7e-m/fpv4-sp/hard/crt0.o (exit)
/home/ubuntu/gcc-arm-none-eabi-7-2017-q4-major/bin/../lib/gcc/arm-none-eabi/7.2.1/../../../../arm-none-eabi/lib/thumb/v7e-m/fpv4-sp/hard/libc_nano.a(lib_a-impure.o)
                              /home/ubuntu/gcc-arm-none-eabi-7-2017-q4-major/bin/../lib/gcc/arm-none-eabi/7.2.1/../../../../arm-none-eabi/lib/thumb/v7e-m/fpv4-sp/hard/libc_nano.a(lib_a-exit.o) (_global_impure_ptr)
/home/ubuntu/gcc-arm-none-eabi-7-2017-q4-major/bin/../lib/gcc/arm-none-eabi/7.2.1/../../../../arm-none-eabi/lib/thumb/v7e-m/fpv4-sp/hard/libc_nano.a(lib_a-init.o)
                              /home/ubuntu/gcc-arm-none-eabi-7-2017-q4-major/bin/../lib/gcc/arm-none-eabi/7.2.1/../../../../arm-none-eabi/lib/thumb/v7e-m/fpv4-sp/hard/crt0.o (__libc_init_array)
/home/ubuntu/gcc-arm-none-eabi-7-2017-q4-major/bin/../lib/gcc/arm-none-eabi/7.2.1/../../../../arm-none-eabi/lib/thumb/v7e-m/fpv4-sp/hard/libc_nano.a(lib_a-memcpy-stub.o)
                              build/task.o (memcpy)
/home/ubuntu/gcc-arm-none-eabi-7-2017-q4-major/bin/../lib/gcc/arm-none-eabi/7.2.1/../../../../arm-none-eabi/lib/thumb/v7e-m/fpv4-sp/hard/libc_nano.a(lib_a-memset.o)
                              /home/ubuntu/gcc-arm-none-eabi-7-2017-q4-major/bin/../lib/gcc/arm-none-eabi/7.2.1/../../../../arm-none-eabi/lib/thumb/v7e-m/fpv4-sp/hard/crt0.o (memset)
/home/ubuntu/gcc-arm-none-eabi-7-2017-q4-major/bin/../lib/gcc/arm-none-eabi/7.2.1/../../../../arm-none-eabi/lib/thumb/v7e-m/fpv4-sp/hard/libnosys.a(_exit.o)
                              /home/ubuntu/gcc-arm-none-eabi-7-2017-q4-major/bin/../lib/gcc/arm-none-eabi/7.2.1/../../../../arm-none-eabi/lib/thumb/v7e-m/fpv4-sp/hard/libc_nano.a(lib_a-exit.o) (_exit)

Allocating common symbols
Common symbol       size              file

nextTask            0x4               build/task.o
uwTick              0x4               build/stm32f3xx_hal.o
pFlash              0x20              build/stm32f3xx_hal_flash.o
currentTask         0x4               build/task.o

Discarded input sections

 .text          0x0000000000000000        0x0 /home/ubuntu/gcc-arm-none-eabi-7-2017-q4-major/bin/../lib/gcc/arm-none-eabi/7.2.1/thumb/v7e-m/fpv4-sp/hard/crti.o
 .data          0x0000000000000000        0x0 /home/ubuntu/gcc-arm-none-eabi-7-2017-q4-major/bin/../lib/gcc/arm-none-eabi/7.2.1/thumb/v7e-m/fpv4-sp/hard/crti.o
 .bss           0x0000000000000000        0x0 /home/ubuntu/gcc-arm-none-eabi-7-2017-q4-major/bin/../lib/gcc/arm-none-eabi/7.2.1/thumb/v7e-m/fpv4-sp/hard/crti.o
 .data          0x0000000000000000        0x4 /home/ubuntu/gcc-arm-none-eabi-7-2017-q4-major/bin/../lib/gcc/arm-none-eabi/7.2.1/thumb/v7e-m/fpv4-sp/hard/crtbegin.o
 .text          0x0000000000000000       0x74 /home/ubuntu/gcc-arm-none-eabi-7-2017-q4-major/bin/../lib/gcc/arm-none-eabi/7.2.1/../../../../arm-none-eabi/lib/thumb/v7e-m/fpv4-sp/hard/crt0.o
 .data          0x0000000000000000        0x0 /home/ubuntu/gcc-arm-none-eabi-7-2017-q4-major/bin/../lib/gcc/arm-none-eabi/7.2.1/../../../../arm-none-eabi/lib/thumb/v7e-m/fpv4-sp/hard/crt0.o
 .bss           0x0000000000000000        0x0 /home/ubuntu/gcc-arm-none-eabi-7-2017-q4-major/bin/../lib/gcc/arm-none-eabi/7.2.1/../../../../arm-none-eabi/lib/thumb/v7e-m/fpv4-sp/hard/crt0.o
 .ARM.extab     0x0000000000000000        0x0 /home/ubuntu/gcc-arm-none-eabi-7-2017-q4-major/bin/../lib/gcc/arm-none-eabi/7.2.1/../../../../arm-none-eabi/lib/thumb/v7e-m/fpv4-sp/hard/crt0.o
 .ARM.exidx     0x0000000000000000        0x8 /home/ubuntu/gcc-arm-none-eabi-7-2017-q4-major/bin/../lib/gcc/arm-none-eabi/7.2.1/../../../../arm-none-eabi/lib/thumb/v7e-m/fpv4-sp/hard/crt0.o
 .ARM.attributes
                0x0000000000000000       0x20 /home/ubuntu/gcc-arm-none-eabi-7-2017-q4-major/bin/../lib/gcc/arm-none-eabi/7.2.1/../../../../arm-none-eabi/lib/thumb/v7e-m/fpv4-sp/hard/crt0.o
 .text          0x0000000000000000        0x0 build/main.o
 .data          0x0000000000000000        0x0 build/main.o
 .bss           0x0000000000000000        0x0 build/main.o
 .text          0x0000000000000000        0x0 build/stm32f3xx_it.o
 .data          0x0000000000000000        0x0 build/stm32f3xx_it.o
 .bss           0x0000000000000000        0x0 build/stm32f3xx_it.o
 .text          0x0000000000000000        0x0 build/stm32f3xx_hal_msp.o
 .data          0x0000000000000000        0x0 build/stm32f3xx_hal_msp.o
 .bss           0x0000000000000000        0x0 build/stm32f3xx_hal_msp.o
 .text          0x0000000000000000        0x0 build/stm32f3xx_hal_tim.o
 .data          0x0000000000000000        0x0 build/stm32f3xx_hal_tim.o
[...]
Memory Configuration

Name             Origin             Length             Attributes
RAM              0x0000000020000000 0x0000000000010000 xrw
CCMRAM           0x0000000010000000 0x0000000000004000 xrw
FLASH            0x0000000008000000 0x0000000000080000 xr
*default*        0x0000000000000000 0xffffffffffffffff

Linker script and memory map

LOAD /home/ubuntu/gcc-arm-none-eabi-7-2017-q4-major/bin/../lib/gcc/arm-none-eabi/7.2.1/thumb/v7e-m/fpv4-sp/hard/crti.o
LOAD /home/ubuntu/gcc-arm-none-eabi-7-2017-q4-major/bin/../lib/gcc/arm-none-eabi/7.2.1/thumb/v7e-m/fpv4-sp/hard/crtbegin.o
LOAD /home/ubuntu/gcc-arm-none-eabi-7-2017-q4-major/bin/../lib/gcc/arm-none-eabi/7.2.1/../../../../arm-none-eabi/lib/thumb/v7e-m/fpv4-sp/hard/crt0.o
LOAD build/main.o
LOAD build/stm32f3xx_it.o
LOAD build/stm32f3xx_hal_msp.o
LOAD build/stm32f3xx_hal_tim.o
LOAD build/stm32f3xx_hal_tim_ex.o
LOAD build/stm32f3xx_hal.o
LOAD build/stm32f3xx_hal_rcc.o
LOAD build/stm32f3xx_hal_rcc_ex.o
LOAD build/stm32f3xx_hal_gpio.o
LOAD build/stm32f3xx_hal_dma.o
LOAD build/stm32f3xx_hal_cortex.o
LOAD build/stm32f3xx_hal_pwr.o
LOAD build/stm32f3xx_hal_pwr_ex.o
LOAD build/stm32f3xx_hal_flash.o
LOAD build/stm32f3xx_hal_flash_ex.o
LOAD build/stm32f3xx_hal_i2c.o
LOAD build/stm32f3xx_hal_i2c_ex.o
LOAD build/stm32f3xx_hal_exti.o
LOAD build/system_stm32f3xx.o
LOAD build/task.o
LOAD build/startup_stm32f303xe.o
LOAD /home/ubuntu/gcc-arm-none-eabi-7-2017-q4-major/bin/../lib/gcc/arm-none-eabi/7.2.1/../../../../arm-none-eabi/lib/thumb/v7e-m/fpv4-sp/hard/libc_nano.a
LOAD /home/ubuntu/gcc-arm-none-eabi-7-2017-q4-major/bin/../lib/gcc/arm-none-eabi/7.2.1/../../../../arm-none-eabi/lib/thumb/v7e-m/fpv4-sp/hard/libm.a
LOAD /home/ubuntu/gcc-arm-none-eabi-7-2017-q4-major/bin/../lib/gcc/arm-none-eabi/7.2.1/../../../../arm-none-eabi/lib/thumb/v7e-m/fpv4-sp/hard/libnosys.a
START GROUP
LOAD /home/ubuntu/gcc-arm-none-eabi-7-2017-q4-major/bin/../lib/gcc/arm-none-eabi/7.2.1/thumb/v7e-m/fpv4-sp/hard/libgcc.a
LOAD /home/ubuntu/gcc-arm-none-eabi-7-2017-q4-major/bin/../lib/gcc/arm-none-eabi/7.2.1/../../../../arm-none-eabi/lib/thumb/v7e-m/fpv4-sp/hard/libc_nano.a
END GROUP
START GROUP
LOAD /home/ubuntu/gcc-arm-none-eabi-7-2017-q4-major/bin/../lib/gcc/arm-none-eabi/7.2.1/thumb/v7e-m/fpv4-sp/hard/libgcc.a
LOAD /home/ubuntu/gcc-arm-none-eabi-7-2017-q4-major/bin/../lib/gcc/arm-none-eabi/7.2.1/../../../../arm-none-eabi/lib/thumb/v7e-m/fpv4-sp/hard/libc_nano.a
END GROUP
LOAD /home/ubuntu/gcc-arm-none-eabi-7-2017-q4-major/bin/../lib/gcc/arm-none-eabi/7.2.1/thumb/v7e-m/fpv4-sp/hard/crtend.o
LOAD /home/ubuntu/gcc-arm-none-eabi-7-2017-q4-major/bin/../lib/gcc/arm-none-eabi/7.2.1/thumb/v7e-m/fpv4-sp/hard/crtn.o
                0x0000000020010000                _estack = 0x20010000
                0x0000000000000200                _Min_Heap_Size = 0x200
                0x0000000000000400                _Min_Stack_Size = 0x400

.isr_vector     0x0000000008000000      0x194
                0x0000000008000000                . = ALIGN (0x4)
 *(.isr_vector)
 .isr_vector    0x0000000008000000      0x194 build/startup_stm32f303xe.o
                0x0000000008000000                g_pfnVectors
                0x0000000008000194                . = ALIGN (0x4)

.text           0x0000000008000194     0x1d60
                0x0000000008000194                . = ALIGN (0x4)
 *(.text)
 .text          0x0000000008000194       0x40 /home/ubuntu/gcc-arm-none-eabi-7-2017-q4-major/bin/../lib/gcc/arm-none-eabi/7.2.1/thumb/v7e-m/fpv4-sp/hard/crtbegin.o
 *(.text*)
 .text.thread_1
                0x00000000080001d4       0x18 build/main.o
 .text.thread_2
                0x00000000080001ec       0x1c build/main.o
 .text.thread_3
                0x0000000008000208       0x1c build/main.o
 .text.main     0x0000000008000224       0x70 build/main.o
                0x0000000008000224                main
 .text.SystemClock_Config
                0x0000000008000294       0x76 build/main.o
                0x0000000008000294                SystemClock_Config
 *fill*         0x000000000800030a        0x2 
 .text.MX_GPIO_Init
                0x000000000800030c       0x64 build/main.o
 .text.Error_Handler
                0x0000000008000370        0x8 build/main.o
                0x0000000008000370                Error_Handler
 .text.NMI_Handler
                0x0000000008000378        0x6 build/stm32f3xx_it.o
                0x0000000008000378                NMI_Handler
 .text.HardFault_Handler
                0x000000000800037e        0x6 build/stm32f3xx_it.o
                0x000000000800037e                HardFault_Handler
 .text.MemManage_Handler
                0x0000000008000384        0x6 build/stm32f3xx_it.o
                0x0000000008000384                MemManage_Handler
 .text.BusFault_Handler
                0x000000000800038a        0x6 build/stm32f3xx_it.o
                0x000000000800038a                BusFault_Handler
 .text.UsageFault_Handler
                0x0000000008000390        0x6 build/stm32f3xx_it.o
                0x0000000008000390                UsageFault_Handler
 .text.DebugMon_Handler
                0x0000000008000396        0xe build/stm32f3xx_it.o
                0x0000000008000396                DebugMon_Handler
 .text.HAL_MspInit
                0x00000000080003a4       0x48 build/stm32f3xx_hal_msp.o
                0x00000000080003a4                HAL_MspInit
 .text.HAL_Init
                0x00000000080003ec       0x2c build/stm32f3xx_hal.o
                0x00000000080003ec                HAL_Init
 .text.HAL_InitTick
                0x0000000008000418       0x60 build/stm32f3xx_hal.o
                0x0000000008000418                HAL_InitTick
 .text.HAL_IncTick
                0x0000000008000478       0x28 build/stm32f3xx_hal.o
                0x0000000008000478                HAL_IncTick
 .text.HAL_GetTick
                0x00000000080004a0       0x18 build/stm32f3xx_hal.o
                0x00000000080004a0                HAL_GetTick
 .text.HAL_Delay
                0x00000000080004b8       0x44 build/stm32f3xx_hal.o
                0x00000000080004b8                HAL_Delay
 .text.HAL_RCC_OscConfig
                0x00000000080004fc      0xe2c build/stm32f3xx_hal_rcc.o
                0x00000000080004fc                HAL_RCC_OscConfig
 .text.HAL_RCC_ClockConfig
                0x0000000008001328      0x2f8 build/stm32f3xx_hal_rcc.o
                0x0000000008001328                HAL_RCC_ClockConfig
 .text.HAL_RCC_GetSysClockFreq
                0x0000000008001620       0xd4 build/stm32f3xx_hal_rcc.o
                0x0000000008001620                HAL_RCC_GetSysClockFreq
 .text.HAL_GPIO_Init
                0x00000000080016f4      0x314 build/stm32f3xx_hal_gpio.o
                0x00000000080016f4                HAL_GPIO_Init
 .text.HAL_GPIO_WritePin
                0x0000000008001a08       0x30 build/stm32f3xx_hal_gpio.o
                0x0000000008001a08                HAL_GPIO_WritePin
 .text.HAL_GPIO_TogglePin
                0x0000000008001a38       0x34 build/stm32f3xx_hal_gpio.o
                0x0000000008001a38                HAL_GPIO_TogglePin
 .text.__NVIC_SetPriorityGrouping
                0x0000000008001a6c       0x48 build/stm32f3xx_hal_cortex.o
 .text.__NVIC_GetPriorityGrouping
                0x0000000008001ab4       0x1c build/stm32f3xx_hal_cortex.o
 .text.__NVIC_SetPriority
                0x0000000008001ad0       0x54 build/stm32f3xx_hal_cortex.o
 .text.NVIC_EncodePriority
                0x0000000008001b24       0x66 build/stm32f3xx_hal_cortex.o
 *fill*         0x0000000008001b8a        0x2 
 .text.SysTick_Config
                0x0000000008001b8c       0x44 build/stm32f3xx_hal_cortex.o
 .text.HAL_NVIC_SetPriorityGrouping
                0x0000000008001bd0       0x16 build/stm32f3xx_hal_cortex.o
                0x0000000008001bd0                HAL_NVIC_SetPriorityGrouping
 .text.HAL_NVIC_SetPriority
                0x0000000008001be6       0x38 build/stm32f3xx_hal_cortex.o
                0x0000000008001be6                HAL_NVIC_SetPriority
 .text.HAL_SYSTICK_Config
                0x0000000008001c1e       0x18 build/stm32f3xx_hal_cortex.o
                0x0000000008001c1e                HAL_SYSTICK_Config
 *fill*         0x0000000008001c36        0x2 
 .text.SystemInit
                0x0000000008001c38       0x24 build/system_stm32f3xx.o
                0x0000000008001c38                SystemInit
 .text.TaskReturn
                0x0000000008001c5c        0x6 build/task.o
 *fill*         0x0000000008001c62        0x2 
 .text.TaskCreate
                0x0000000008001c64       0xac build/task.o
                0x0000000008001c64                TaskCreate
 .text.SVC_Handler
                0x0000000008001d10       0x20 build/task.o
                0x0000000008001d10                SVC_Handler
 .text.PendSV_Handler
                0x0000000008001d30       0x7c build/task.o
                0x0000000008001d30                PendSV_Handler
 .text.KernelStart
                0x0000000008001dac       0x30 build/task.o
                0x0000000008001dac                KernelStart
 .text.SysTick_Handler
                0x0000000008001ddc       0x3c build/task.o
                0x0000000008001ddc                SysTick_Handler
 .text.Reset_Handler
                0x0000000008001e18       0x50 build/startup_stm32f303xe.o
                0x0000000008001e18                Reset_Handler
 .text.Default_Handler
                0x0000000008001e68        0x2 build/startup_stm32f303xe.o
                0x0000000008001e68                RTC_Alarm_IRQHandler
                0x0000000008001e68                TIM8_TRG_COM_IRQHandler
                0x0000000008001e68                TIM8_CC_IRQHandler
                0x0000000008001e68                SPI4_IRQHandler
                0x0000000008001e68                TIM1_CC_IRQHandler
                0x0000000008001e68                USB_HP_IRQHandler
                0x0000000008001e68                PVD_IRQHandler
                0x0000000008001e68                TAMP_STAMP_IRQHandler
                0x0000000008001e68                EXTI3_IRQHandler
                0x0000000008001e68                I2C3_ER_IRQHandler
                0x0000000008001e68                USB_HP_CAN_TX_IRQHandler
                0x0000000008001e68                EXTI0_IRQHandler
                0x0000000008001e68                I2C2_EV_IRQHandler
                0x0000000008001e68                FPU_IRQHandler
                0x0000000008001e68                TIM1_UP_TIM16_IRQHandler
                0x0000000008001e68                ADC1_2_IRQHandler
                0x0000000008001e68                SPI1_IRQHandler
                0x0000000008001e68                CAN_SCE_IRQHandler
                0x0000000008001e68                TIM6_DAC_IRQHandler
                0x0000000008001e68                TIM8_UP_IRQHandler
                0x0000000008001e68                DMA2_Channel2_IRQHandler
                0x0000000008001e68                DMA1_Channel4_IRQHandler
                0x0000000008001e68                TIM20_TRG_COM_IRQHandler
                0x0000000008001e68                USART3_IRQHandler
                0x0000000008001e68                DMA1_Channel7_IRQHandler
                0x0000000008001e68                UART5_IRQHandler
                0x0000000008001e68                ADC3_IRQHandler
                0x0000000008001e68                TIM4_IRQHandler
                0x0000000008001e68                CAN_RX1_IRQHandler
                0x0000000008001e68                DMA2_Channel1_IRQHandler
                0x0000000008001e68                I2C1_EV_IRQHandler
                0x0000000008001e68                DMA1_Channel6_IRQHandler
                0x0000000008001e68                UART4_IRQHandler
                0x0000000008001e68                DMA2_Channel4_IRQHandler
                0x0000000008001e68                TIM3_IRQHandler
                0x0000000008001e68                RCC_IRQHandler
                0x0000000008001e68                TIM20_UP_IRQHandler
                0x0000000008001e68                DMA1_Channel1_IRQHandler
                0x0000000008001e68                Default_Handler
                0x0000000008001e68                USBWakeUp_RMP_IRQHandler
                0x0000000008001e68                EXTI15_10_IRQHandler
                0x0000000008001e68                TIM7_IRQHandler
                0x0000000008001e68                I2C3_EV_IRQHandler
                0x0000000008001e68                EXTI9_5_IRQHandler
                0x0000000008001e68                RTC_WKUP_IRQHandler
                0x0000000008001e68                SPI2_IRQHandler
                0x0000000008001e68                USB_LP_CAN_RX0_IRQHandler
                0x0000000008001e68                DMA2_Channel5_IRQHandler
                0x0000000008001e68                DMA1_Channel5_IRQHandler
                0x0000000008001e68                USB_LP_IRQHandler
                0x0000000008001e68                EXTI4_IRQHandler
                0x0000000008001e68                TIM1_TRG_COM_TIM17_IRQHandler
                0x0000000008001e68                DMA1_Channel3_IRQHandler
                0x0000000008001e68                ADC4_IRQHandler
                0x0000000008001e68                WWDG_IRQHandler
                0x0000000008001e68                TIM2_IRQHandler
                0x0000000008001e68                COMP7_IRQHandler
                0x0000000008001e68                COMP1_2_3_IRQHandler
                0x0000000008001e68                EXTI1_IRQHandler
                0x0000000008001e68                USART2_IRQHandler
                0x0000000008001e68                COMP4_5_6_IRQHandler
                0x0000000008001e68                TIM20_BRK_IRQHandler
                0x0000000008001e68                I2C2_ER_IRQHandler
                0x0000000008001e68                DMA1_Channel2_IRQHandler
                0x0000000008001e68                TIM8_BRK_IRQHandler
                0x0000000008001e68                FLASH_IRQHandler
                0x0000000008001e68                TIM20_CC_IRQHandler
                0x0000000008001e68                USART1_IRQHandler
                0x0000000008001e68                SPI3_IRQHandler
                0x0000000008001e68                I2C1_ER_IRQHandler
                0x0000000008001e68                FMC_IRQHandler
                0x0000000008001e68                USBWakeUp_IRQHandler
                0x0000000008001e68                DMA2_Channel3_IRQHandler
                0x0000000008001e68                EXTI2_TSC_IRQHandler
                0x0000000008001e68                TIM1_BRK_TIM15_IRQHandler
 *fill*         0x0000000008001e6a        0x2 
 .text.__libc_init_array
                0x0000000008001e6c       0x48 /home/ubuntu/gcc-arm-none-eabi-7-2017-q4-major/bin/../lib/gcc/arm-none-eabi/7.2.1/../../../../arm-none-eabi/lib/thumb/v7e-m/fpv4-sp/hard/libc_nano.a(lib_a-init.o)
                0x0000000008001e6c                __libc_init_array
 .text.memcpy   0x0000000008001eb4       0x16 /home/ubuntu/gcc-arm-none-eabi-7-2017-q4-major/bin/../lib/gcc/arm-none-eabi/7.2.1/../../../../arm-none-eabi/lib/thumb/v7e-m/fpv4-sp/hard/libc_nano.a(lib_a-memcpy-stub.o)
                0x0000000008001eb4                memcpy
 .text.memset   0x0000000008001eca       0x10 /home/ubuntu/gcc-arm-none-eabi-7-2017-q4-major/bin/../lib/gcc/arm-none-eabi/7.2.1/../../../../arm-none-eabi/lib/thumb/v7e-m/fpv4-sp/hard/libc_nano.a(lib_a-memset.o)
                0x0000000008001eca                memset
 *(.glue_7)
 .glue_7        0x0000000008001eda        0x0 linker stubs
 *(.glue_7t)
 .glue_7t       0x0000000008001eda        0x0 linker stubs
 *(.eh_frame)
 *fill*         0x0000000008001eda        0x2 
 .eh_frame      0x0000000008001edc        0x0 /home/ubuntu/gcc-arm-none-eabi-7-2017-q4-major/bin/../lib/gcc/arm-none-eabi/7.2.1/thumb/v7e-m/fpv4-sp/hard/crtbegin.o
 *(.init)
 .init          0x0000000008001edc        0x4 /home/ubuntu/gcc-arm-none-eabi-7-2017-q4-major/bin/../lib/gcc/arm-none-eabi/7.2.1/thumb/v7e-m/fpv4-sp/hard/crti.o
                0x0000000008001edc                _init
 .init          0x0000000008001ee0        0x8 /home/ubuntu/gcc-arm-none-eabi-7-2017-q4-major/bin/../lib/gcc/arm-none-eabi/7.2.1/thumb/v7e-m/fpv4-sp/hard/crtn.o
 *(.fini)
 .fini          0x0000000008001ee8        0x4 /home/ubuntu/gcc-arm-none-eabi-7-2017-q4-major/bin/../lib/gcc/arm-none-eabi/7.2.1/thumb/v7e-m/fpv4-sp/hard/crti.o
                0x0000000008001ee8                _fini
 .fini          0x0000000008001eec        0x8 /home/ubuntu/gcc-arm-none-eabi-7-2017-q4-major/bin/../lib/gcc/arm-none-eabi/7.2.1/thumb/v7e-m/fpv4-sp/hard/crtn.o
                0x0000000008001ef4                . = ALIGN (0x4)
                0x0000000008001ef4                _etext = .

.vfp11_veneer   0x0000000008001ef4        0x0
 .vfp11_veneer  0x0000000008001ef4        0x0 linker stubs

.v4_bx          0x0000000008001ef4        0x0
 .v4_bx         0x0000000008001ef4        0x0 linker stubs

.iplt           0x0000000008001ef4        0x0
 .iplt          0x0000000008001ef4        0x0 /home/ubuntu/gcc-arm-none-eabi-7-2017-q4-major/bin/../lib/gcc/arm-none-eabi/7.2.1/thumb/v7e-m/fpv4-sp/hard/crtbegin.o

.rodata         0x0000000008001ef4       0x30
                0x0000000008001ef4                . = ALIGN (0x4)
 *(.rodata)
 *(.rodata*)
 .rodata.aPLLMULFactorTable
                0x0000000008001ef4       0x10 build/stm32f3xx_hal_rcc.o
                0x0000000008001ef4                aPLLMULFactorTable
 .rodata.aPredivFactorTable
                0x0000000008001f04       0x10 build/stm32f3xx_hal_rcc.o
                0x0000000008001f04                aPredivFactorTable
 .rodata.AHBPrescTable
                0x0000000008001f14       0x10 build/system_stm32f3xx.o
                0x0000000008001f14                AHBPrescTable
                0x0000000008001f24                . = ALIGN (0x4)

.rel.dyn        0x0000000008001f24        0x0
 .rel.iplt      0x0000000008001f24        0x0 /home/ubuntu/gcc-arm-none-eabi-7-2017-q4-major/bin/../lib/gcc/arm-none-eabi/7.2.1/thumb/v7e-m/fpv4-sp/hard/crtbegin.o

.ARM.extab
 *(.ARM.extab* .gnu.linkonce.armextab.*)

.ARM            0x0000000008001f24        0x0
                0x0000000008001f24                __exidx_start = .
 *(.ARM.exidx*)
                0x0000000008001f24                __exidx_end = .

.preinit_array  0x0000000008001f24        0x0
                0x0000000008001f24                PROVIDE (__preinit_array_start, .)
 *(.preinit_array*)
                0x0000000008001f24                PROVIDE (__preinit_array_end, .)

.init_array     0x0000000008001f24        0x4
                0x0000000008001f24                PROVIDE (__init_array_start, .)
 *(SORT_BY_NAME(.init_array.*))
 *(.init_array*)
 .init_array    0x0000000008001f24        0x4 /home/ubuntu/gcc-arm-none-eabi-7-2017-q4-major/bin/../lib/gcc/arm-none-eabi/7.2.1/thumb/v7e-m/fpv4-sp/hard/crtbegin.o
                0x0000000008001f28                PROVIDE (__init_array_end, .)

.fini_array     0x0000000008001f28        0x4
                [!provide]                        PROVIDE (__fini_array_start, .)
 *(SORT_BY_NAME(.fini_array.*))
 *(.fini_array*)
 .fini_array    0x0000000008001f28        0x4 /home/ubuntu/gcc-arm-none-eabi-7-2017-q4-major/bin/../lib/gcc/arm-none-eabi/7.2.1/thumb/v7e-m/fpv4-sp/hard/crtbegin.o
                [!provide]                        PROVIDE (__fini_array_end, .)
                0x0000000008001f2c                _sidata = LOADADDR (.data)

.data           0x0000000020000000        0xc load address 0x0000000008001f2c
                0x0000000020000000                . = ALIGN (0x4)
                0x0000000020000000                _sdata = .
 *(.data)
 *(.data*)
 .data.uwTickPrio
                0x0000000020000000        0x4 build/stm32f3xx_hal.o
                0x0000000020000000                uwTickPrio
 .data.uwTickFreq
                0x0000000020000004        0x1 build/stm32f3xx_hal.o
                0x0000000020000004                uwTickFreq
 *fill*         0x0000000020000005        0x3 
 .data.SystemCoreClock
                0x0000000020000008        0x4 build/system_stm32f3xx.o
                0x0000000020000008                SystemCoreClock
                0x000000002000000c                . = ALIGN (0x4)
                0x000000002000000c                _edata = .
                0x0000000008001f38                _siccmram = LOADADDR (.ccmram)

.igot.plt       0x000000002000000c        0x0 load address 0x0000000008001f38
 .igot.plt      0x000000002000000c        0x0 /home/ubuntu/gcc-arm-none-eabi-7-2017-q4-major/bin/../lib/gcc/arm-none-eabi/7.2.1/thumb/v7e-m/fpv4-sp/hard/crtbegin.o

.ccmram         0x0000000010000000        0x0 load address 0x0000000008001f38
                0x0000000010000000                . = ALIGN (0x4)
                0x0000000010000000                _sccmram = .
 *(.ccmram)
 *(.ccmram*)
                0x0000000010000000                . = ALIGN (0x4)
                0x0000000010000000                _eccmram = .
                0x0000000010000000                . = ALIGN (0x4)

.bss            0x000000002000000c       0x5c
                0x000000002000000c                _sbss = .
                0x000000002000000c                __bss_start__ = _sbss
 *(.bss)
 .bss           0x000000002000000c       0x1c /home/ubuntu/gcc-arm-none-eabi-7-2017-q4-major/bin/../lib/gcc/arm-none-eabi/7.2.1/thumb/v7e-m/fpv4-sp/hard/crtbegin.o
 *(.bss*)
 .bss.lastTick  0x0000000020000028        0x4 build/task.o
 .bss.tasks     0x000000002000002c       0x28 build/task.o
 .bss.taskCount
                0x0000000020000054        0x4 build/task.o
 .bss.nextTaskIndex
                0x0000000020000058        0x4 build/task.o
 *(COMMON)
 COMMON         0x000000002000005c        0x4 build/stm32f3xx_hal.o
                0x000000002000005c                uwTick
 COMMON         0x0000000020000060        0x8 build/task.o
                0x0000000020000060                nextTask
                0x0000000020000064                currentTask
                0x0000000020000068                . = ALIGN (0x4)
                0x0000000020000068                _ebss = .
                0x0000000020000068                __bss_end__ = _ebss

._user_heap_stack
                0x0000000020000068      0x600
                0x0000000020000068                . = ALIGN (0x8)
                [!provide]                        PROVIDE (end, .)
                [!provide]                        PROVIDE (_end, .)
                0x0000000020000268                . = (. + _Min_Heap_Size)
 *fill*         0x0000000020000068      0x200 
                0x0000000020000668                . = (. + _Min_Stack_Size)
 *fill*         0x0000000020000268      0x400 
                0x0000000020000668                . = ALIGN (0x8)

/DISCARD/
 libc.a(*)
 libm.a(*)
 libgcc.a(*)

.ARM.attributes
                0x0000000000000000       0x30
 *(.ARM.attributes)
 .ARM.attributes
                0x0000000000000000       0x22 /home/ubuntu/gcc-arm-none-eabi-7-2017-q4-major/bin/../lib/gcc/arm-none-eabi/7.2.1/thumb/v7e-m/fpv4-sp/hard/crti.o
 .ARM.attributes
                0x0000000000000022       0x34 /home/ubuntu/gcc-arm-none-eabi-7-2017-q4-major/bin/../lib/gcc/arm-none-eabi/7.2.1/thumb/v7e-m/fpv4-sp/hard/crtbegin.o
 .ARM.attributes
                0x0000000000000056       0x39 build/main.o
 .ARM.attributes
                0x000000000000008f       0x39 build/stm32f3xx_it.o
 .ARM.attributes
                0x00000000000000c8       0x39 build/stm32f3xx_hal_msp.o
 .ARM.attributes
                0x0000000000000101       0x39 build/stm32f3xx_hal.o
 .ARM.attributes
                0x000000000000013a       0x39 build/stm32f3xx_hal_rcc.o
 .ARM.attributes
                0x0000000000000173       0x39 build/stm32f3xx_hal_gpio.o
 .ARM.attributes
                0x00000000000001ac       0x39 build/stm32f3xx_hal_cortex.o
 .ARM.attributes
                0x00000000000001e5       0x39 build/system_stm32f3xx.o
 .ARM.attributes
                0x000000000000021e       0x39 build/task.o
 .ARM.attributes
                0x0000000000000257       0x21 build/startup_stm32f303xe.o
 .ARM.attributes
                0x0000000000000278       0x34 /home/ubuntu/gcc-arm-none-eabi-7-2017-q4-major/bin/../lib/gcc/arm-none-eabi/7.2.1/../../../../arm-none-eabi/lib/thumb/v7e-m/fpv4-sp/hard/libc_nano.a(lib_a-init.o)
 .ARM.attributes
                0x00000000000002ac       0x34 /home/ubuntu/gcc-arm-none-eabi-7-2017-q4-major/bin/../lib/gcc/arm-none-eabi/7.2.1/../../../../arm-none-eabi/lib/thumb/v7e-m/fpv4-sp/hard/libc_nano.a(lib_a-memcpy-stub.o)
 .ARM.attributes
                0x00000000000002e0       0x34 /home/ubuntu/gcc-arm-none-eabi-7-2017-q4-major/bin/../lib/gcc/arm-none-eabi/7.2.1/../../../../arm-none-eabi/lib/thumb/v7e-m/fpv4-sp/hard/libc_nano.a(lib_a-memset.o)
 .ARM.attributes
                0x0000000000000314       0x22 /home/ubuntu/gcc-arm-none-eabi-7-2017-q4-major/bin/../lib/gcc/arm-none-eabi/7.2.1/thumb/v7e-m/fpv4-sp/hard/crtn.o
OUTPUT(build/Myf303ze.elf elf32-littlearm)

.debug_info     0x0000000000000000     0x6bd1
 .debug_info    0x0000000000000000      0xf3a build/main.o
 .debug_info    0x0000000000000f3a      0xb08 build/stm32f3xx_it.o
 .debug_info    0x0000000000001a42      0x2a5 build/stm32f3xx_hal_msp.o
 .debug_info    0x0000000000001ce7      0x8d9 build/stm32f3xx_hal.o
 .debug_info    0x00000000000025c0     0x18e4 build/stm32f3xx_hal_rcc.o
 .debug_info    0x0000000000003ea4      0x86f build/stm32f3xx_hal_gpio.o
 .debug_info    0x0000000000004713      0xee7 build/stm32f3xx_hal_cortex.o
 .debug_info    0x00000000000055fa      0x4b9 build/system_stm32f3xx.o
 .debug_info    0x0000000000005ab3     0x10fc build/task.o
 .debug_info    0x0000000000006baf       0x22 build/startup_stm32f303xe.o

.debug_abbrev   0x0000000000000000     0x1198
 .debug_abbrev  0x0000000000000000      0x260 build/main.o
 .debug_abbrev  0x0000000000000260      0x1ac build/stm32f3xx_it.o
 .debug_abbrev  0x000000000000040c      0x108 build/stm32f3xx_hal_msp.o
 .debug_abbrev  0x0000000000000514      0x1c6 build/stm32f3xx_hal.o
 .debug_abbrev  0x00000000000006da      0x28b build/stm32f3xx_hal_rcc.o
 .debug_abbrev  0x0000000000000965      0x1bf build/stm32f3xx_hal_gpio.o
 .debug_abbrev  0x0000000000000b24      0x2db build/stm32f3xx_hal_cortex.o
 .debug_abbrev  0x0000000000000dff      0x12a build/system_stm32f3xx.o
 .debug_abbrev  0x0000000000000f29      0x25d build/task.o
 .debug_abbrev  0x0000000000001186       0x12 build/startup_stm32f303xe.o

.debug_loc      0x0000000000000000     0x1cb2
 .debug_loc     0x0000000000000000      0x18c build/main.o
 .debug_loc     0x000000000000018c      0x120 build/stm32f3xx_it.o
 .debug_loc     0x00000000000002ac       0x5c build/stm32f3xx_hal_msp.o
 .debug_loc     0x0000000000000308      0x698 build/stm32f3xx_hal.o
 .debug_loc     0x00000000000009a0      0x464 build/stm32f3xx_hal_rcc.o
 .debug_loc     0x0000000000000e04      0x2d4 build/stm32f3xx_hal_gpio.o
 .debug_loc     0x00000000000010d8      0x9f4 build/stm32f3xx_hal_cortex.o
 .debug_loc     0x0000000000001acc       0xa0 build/system_stm32f3xx.o
 .debug_loc     0x0000000000001b6c      0x146 build/task.o

.debug_aranges  0x0000000000000000      0x438
 .debug_aranges
                0x0000000000000000       0x50 build/main.o
 .debug_aranges
                0x0000000000000050       0x48 build/stm32f3xx_it.o
 .debug_aranges
                0x0000000000000098       0x20 build/stm32f3xx_hal_msp.o
 .debug_aranges
                0x00000000000000b8       0xe0 build/stm32f3xx_hal.o
 .debug_aranges
                0x0000000000000198       0x88 build/stm32f3xx_hal_rcc.o
 .debug_aranges
                0x0000000000000220       0x58 build/stm32f3xx_hal_gpio.o
 .debug_aranges
                0x0000000000000278      0x118 build/stm32f3xx_hal_cortex.o
 .debug_aranges
                0x0000000000000390       0x28 build/system_stm32f3xx.o
 .debug_aranges
                0x00000000000003b8       0x58 build/task.o
 .debug_aranges
                0x0000000000000410       0x28 build/startup_stm32f303xe.o

.debug_ranges   0x0000000000000000      0x3a0
 .debug_ranges  0x0000000000000000       0x40 build/main.o
 .debug_ranges  0x0000000000000040       0x38 build/stm32f3xx_it.o
 .debug_ranges  0x0000000000000078       0x10 build/stm32f3xx_hal_msp.o
 .debug_ranges  0x0000000000000088       0xd0 build/stm32f3xx_hal.o
 .debug_ranges  0x0000000000000158       0x78 build/stm32f3xx_hal_rcc.o
 .debug_ranges  0x00000000000001d0       0x48 build/stm32f3xx_hal_gpio.o
 .debug_ranges  0x0000000000000218      0x108 build/stm32f3xx_hal_cortex.o
 .debug_ranges  0x0000000000000320       0x18 build/system_stm32f3xx.o
 .debug_ranges  0x0000000000000338       0x48 build/task.o
 .debug_ranges  0x0000000000000380       0x20 build/startup_stm32f303xe.o

.debug_line     0x0000000000000000     0x2242
 .debug_line    0x0000000000000000      0x334 build/main.o
 .debug_line    0x0000000000000334      0x27c build/stm32f3xx_it.o
 .debug_line    0x00000000000005b0      0x1ab build/stm32f3xx_hal_msp.o
 .debug_line    0x000000000000075b      0x3ac build/stm32f3xx_hal.o
 .debug_line    0x0000000000000b07      0x974 build/stm32f3xx_hal_rcc.o
 .debug_line    0x000000000000147b      0x39f build/stm32f3xx_hal_gpio.o
 .debug_line    0x000000000000181a      0x502 build/stm32f3xx_hal_cortex.o
 .debug_line    0x0000000000001d1c      0x1d4 build/system_stm32f3xx.o
 .debug_line    0x0000000000001ef0      0x2dc build/task.o
 .debug_line    0x00000000000021cc       0x76 build/startup_stm32f303xe.o

.debug_str      0x0000000000000000     0x1ab3
 .debug_str     0x0000000000000000      0x856 build/main.o
                                        0x8d5 (size before relaxing)
 .debug_str     0x0000000000000856       0x78 build/stm32f3xx_it.o
                                        0x6b1 (size before relaxing)
 .debug_str     0x00000000000008ce       0x24 build/stm32f3xx_hal_msp.o
                                        0x2d6 (size before relaxing)
 .debug_str     0x00000000000008f2      0x71a build/stm32f3xx_hal.o
                                        0xa0e (size before relaxing)
 .debug_str     0x000000000000100c      0x224 build/stm32f3xx_hal_rcc.o
                                        0x6df (size before relaxing)
 .debug_str     0x0000000000001230      0x1ec build/stm32f3xx_hal_gpio.o
                                        0x576 (size before relaxing)
 .debug_str     0x000000000000141c      0x4fa build/stm32f3xx_hal_cortex.o
                                        0xc7a (size before relaxing)
 .debug_str     0x0000000000001916       0x57 build/system_stm32f3xx.o
                                        0x360 (size before relaxing)
 .debug_str     0x000000000000196d      0x121 build/task.o
                                        0xc5b (size before relaxing)
 .debug_str     0x0000000000001a8e       0x25 build/startup_stm32f303xe.o
                                         0x42 (size before relaxing)

.comment        0x0000000000000000       0x7e
 .comment       0x0000000000000000       0x7e build/main.o
                                         0x7f (size before relaxing)
 .comment       0x000000000000007e       0x7f build/stm32f3xx_it.o
 .comment       0x000000000000007e       0x7f build/stm32f3xx_hal_msp.o
 .comment       0x000000000000007e       0x7f build/stm32f3xx_hal.o
 .comment       0x000000000000007e       0x7f build/stm32f3xx_hal_rcc.o
 .comment       0x000000000000007e       0x7f build/stm32f3xx_hal_gpio.o
 .comment       0x000000000000007e       0x7f build/stm32f3xx_hal_cortex.o
 .comment       0x000000000000007e       0x7f build/system_stm32f3xx.o
 .comment       0x000000000000007e       0x7f build/task.o

.debug_frame    0x0000000000000000      0xf88
 .debug_frame   0x0000000000000000       0xf0 build/main.o
 .debug_frame   0x00000000000000f0       0xc0 build/stm32f3xx_it.o
 .debug_frame   0x00000000000001b0       0x38 build/stm32f3xx_hal_msp.o
 .debug_frame   0x00000000000001e8      0x390 build/stm32f3xx_hal.o
 .debug_frame   0x0000000000000578      0x22c build/stm32f3xx_hal_rcc.o
 .debug_frame   0x00000000000007a4      0x154 build/stm32f3xx_hal_gpio.o
 .debug_frame   0x00000000000008f8      0x4d4 build/stm32f3xx_hal_cortex.o
 .debug_frame   0x0000000000000dcc       0x5c build/system_stm32f3xx.o
 .debug_frame   0x0000000000000e28       0xec build/task.o
 .debug_frame   0x0000000000000f14       0x2c /home/ubuntu/gcc-arm-none-eabi-7-2017-q4-major/bin/../lib/gcc/arm-none-eabi/7.2.1/../../../../arm-none-eabi/lib/thumb/v7e-m/fpv4-sp/hard/libc_nano.a(lib_a-init.o)
 .debug_frame   0x0000000000000f40       0x28 /home/ubuntu/gcc-arm-none-eabi-7-2017-q4-major/bin/../lib/gcc/arm-none-eabi/7.2.1/../../../../arm-none-eabi/lib/thumb/v7e-m/fpv4-sp/hard/libc_nano.a(lib_a-memcpy-stub.o)
 .debug_frame   0x0000000000000f68       0x20 /home/ubuntu/gcc-arm-none-eabi-7-2017-q4-major/bin/../lib/gcc/arm-none-eabi/7.2.1/../../../../arm-none-eabi/lib/thumb/v7e-m/fpv4-sp/hard/libc_nano.a(lib_a-memset.o)

Cross Reference Table

Symbol                                            File
ADC1_2_IRQHandler                                 build/startup_stm32f303xe.o
ADC3_IRQHandler                                   build/startup_stm32f303xe.o
ADC4_IRQHandler                                   build/startup_stm32f303xe.o
AHBPrescTable                                     build/system_stm32f3xx.o
                                                  build/stm32f3xx_hal_rcc.o
APBPrescTable                                     build/system_stm32f3xx.o
                                                  build/stm32f3xx_hal_rcc.o
BusFault_Handler                                  build/stm32f3xx_it.o
CAN_RX1_IRQHandler                                build/startup_stm32f303xe.o
CAN_SCE_IRQHandler                                build/startup_stm32f303xe.o
COMP1_2_3_IRQHandler                              build/startup_stm32f303xe.o
COMP4_5_6_IRQHandler                              build/startup_stm32f303xe.o
COMP7_IRQHandler                                  build/startup_stm32f303xe.o
DMA1_Channel1_IRQHandler                          build/startup_stm32f303xe.o
DMA1_Channel2_IRQHandler                          build/startup_stm32f303xe.o
DMA1_Channel3_IRQHandler                          build/startup_stm32f303xe.o
DMA1_Channel4_IRQHandler                          build/startup_stm32f303xe.o
DMA1_Channel5_IRQHandler                          build/startup_stm32f303xe.o
DMA1_Channel6_IRQHandler                          build/startup_stm32f303xe.o
DMA1_Channel7_IRQHandler                          build/startup_stm32f303xe.o
DMA2_Channel1_IRQHandler                          build/startup_stm32f303xe.o
DMA2_Channel2_IRQHandler                          build/startup_stm32f303xe.o
DMA2_Channel3_IRQHandler                          build/startup_stm32f303xe.o
DMA2_Channel4_IRQHandler                          build/startup_stm32f303xe.o
DMA2_Channel5_IRQHandler                          build/startup_stm32f303xe.o
DebugMon_Handler                                  build/stm32f3xx_it.o
Default_Handler                                   build/startup_stm32f303xe.o
EXTI0_IRQHandler                                  build/startup_stm32f303xe.o
EXTI15_10_IRQHandler                              build/startup_stm32f303xe.o
EXTI1_IRQHandler                                  build/startup_stm32f303xe.o
EXTI2_TSC_IRQHandler                              build/startup_stm32f303xe.o
EXTI3_IRQHandler                                  build/startup_stm32f303xe.o
EXTI4_IRQHandler                                  build/startup_stm32f303xe.o
EXTI9_5_IRQHandler                                build/startup_stm32f303xe.o
Error_Handler                                     build/main.o
FLASH_IRQHandler                                  build/startup_stm32f303xe.o
FLASH_PageErase                                   build/stm32f3xx_hal_flash_ex.o
                                                  build/stm32f3xx_hal_flash.o
FLASH_WaitForLastOperation                        build/stm32f3xx_hal_flash.o
                                                  build/stm32f3xx_hal_flash_ex.o
FMC_IRQHandler                                    build/startup_stm32f303xe.o
FPU_IRQHandler                                    build/startup_stm32f303xe.o
HAL_DBGMCU_DisableDBGSleepMode                    build/stm32f3xx_hal.o
HAL_DBGMCU_DisableDBGStandbyMode                  build/stm32f3xx_hal.o
HAL_DBGMCU_DisableDBGStopMode                     build/stm32f3xx_hal.o
HAL_DBGMCU_EnableDBGSleepMode                     build/stm32f3xx_hal.o
HAL_DBGMCU_EnableDBGStandbyMode                   build/stm32f3xx_hal.o
HAL_DBGMCU_EnableDBGStopMode                      build/stm32f3xx_hal.o
HAL_DMA_Abort                                     build/stm32f3xx_hal_dma.o
HAL_DMA_Abort_IT                                  build/stm32f3xx_hal_dma.o
                                                  build/stm32f3xx_hal_i2c.o
HAL_DMA_DeInit                                    build/stm32f3xx_hal_dma.o
HAL_DMA_GetError                                  build/stm32f3xx_hal_dma.o
HAL_DMA_GetState                                  build/stm32f3xx_hal_dma.o
                                                  build/stm32f3xx_hal_i2c.o
HAL_DMA_IRQHandler                                build/stm32f3xx_hal_dma.o
HAL_DMA_Init                                      build/stm32f3xx_hal_dma.o
HAL_DMA_PollForTransfer                           build/stm32f3xx_hal_dma.o
HAL_DMA_RegisterCallback                          build/stm32f3xx_hal_dma.o
HAL_DMA_Start                                     build/stm32f3xx_hal_dma.o
HAL_DMA_Start_IT                                  build/stm32f3xx_hal_dma.o
                                                  build/stm32f3xx_hal_i2c.o
HAL_DMA_UnRegisterCallback                        build/stm32f3xx_hal_dma.o
HAL_DeInit                                        build/stm32f3xx_hal.o
HAL_Delay                                         build/stm32f3xx_hal.o
                                                  build/main.o
HAL_EXTI_ClearConfigLine                          build/stm32f3xx_hal_exti.o
HAL_EXTI_ClearPending                             build/stm32f3xx_hal_exti.o
HAL_EXTI_GenerateSWI                              build/stm32f3xx_hal_exti.o
HAL_EXTI_GetConfigLine                            build/stm32f3xx_hal_exti.o
HAL_EXTI_GetHandle                                build/stm32f3xx_hal_exti.o
HAL_EXTI_GetPending                               build/stm32f3xx_hal_exti.o
HAL_EXTI_IRQHandler                               build/stm32f3xx_hal_exti.o
HAL_EXTI_RegisterCallback                         build/stm32f3xx_hal_exti.o
HAL_EXTI_SetConfigLine                            build/stm32f3xx_hal_exti.o
HAL_FLASHEx_Erase                                 build/stm32f3xx_hal_flash_ex.o
HAL_FLASHEx_Erase_IT                              build/stm32f3xx_hal_flash_ex.o
HAL_FLASHEx_OBErase                               build/stm32f3xx_hal_flash_ex.o
HAL_FLASHEx_OBGetConfig                           build/stm32f3xx_hal_flash_ex.o
HAL_FLASHEx_OBGetUserData                         build/stm32f3xx_hal_flash_ex.o
HAL_FLASHEx_OBProgram                             build/stm32f3xx_hal_flash_ex.o
HAL_FLASH_EndOfOperationCallback                  build/stm32f3xx_hal_flash.o
HAL_FLASH_GetError                                build/stm32f3xx_hal_flash.o
HAL_FLASH_IRQHandler                              build/stm32f3xx_hal_flash.o
HAL_FLASH_Lock                                    build/stm32f3xx_hal_flash.o
HAL_FLASH_OB_Launch                               build/stm32f3xx_hal_flash.o
HAL_FLASH_OB_Lock                                 build/stm32f3xx_hal_flash.o
HAL_FLASH_OB_Unlock                               build/stm32f3xx_hal_flash.o
HAL_FLASH_OperationErrorCallback                  build/stm32f3xx_hal_flash.o
HAL_FLASH_Program                                 build/stm32f3xx_hal_flash.o
HAL_FLASH_Program_IT                              build/stm32f3xx_hal_flash.o
HAL_FLASH_Unlock                                  build/stm32f3xx_hal_flash.o
HAL_GPIO_DeInit                                   build/stm32f3xx_hal_gpio.o
HAL_GPIO_EXTI_Callback                            build/stm32f3xx_hal_gpio.o
HAL_GPIO_EXTI_IRQHandler                          build/stm32f3xx_hal_gpio.o
HAL_GPIO_Init                                     build/stm32f3xx_hal_gpio.o
                                                  build/stm32f3xx_hal_rcc.o
                                                  build/main.o
HAL_GPIO_LockPin                                  build/stm32f3xx_hal_gpio.o
HAL_GPIO_ReadPin                                  build/stm32f3xx_hal_gpio.o
HAL_GPIO_TogglePin                                build/stm32f3xx_hal_gpio.o
                                                  build/main.o
HAL_GPIO_WritePin                                 build/stm32f3xx_hal_gpio.o
                                                  build/main.o
HAL_GetDEVID                                      build/stm32f3xx_hal.o
HAL_GetHalVersion                                 build/stm32f3xx_hal.o
HAL_GetREVID                                      build/stm32f3xx_hal.o
HAL_GetTick                                       build/stm32f3xx_hal.o
                                                  build/task.o
                                                  build/stm32f3xx_hal_i2c.o
                                                  build/stm32f3xx_hal_flash.o
                                                  build/stm32f3xx_hal_dma.o
                                                  build/stm32f3xx_hal_rcc_ex.o
                                                  build/stm32f3xx_hal_rcc.o
HAL_GetTickFreq                                   build/stm32f3xx_hal.o
HAL_GetTickPrio                                   build/stm32f3xx_hal.o
HAL_GetUIDw0                                      build/stm32f3xx_hal.o
HAL_GetUIDw1                                      build/stm32f3xx_hal.o
HAL_GetUIDw2                                      build/stm32f3xx_hal.o
HAL_I2CEx_ConfigAnalogFilter                      build/stm32f3xx_hal_i2c_ex.o
HAL_I2CEx_ConfigDigitalFilter                     build/stm32f3xx_hal_i2c_ex.o
HAL_I2CEx_DisableFastModePlus                     build/stm32f3xx_hal_i2c_ex.o
HAL_I2CEx_DisableWakeUp                           build/stm32f3xx_hal_i2c_ex.o
HAL_I2CEx_EnableFastModePlus                      build/stm32f3xx_hal_i2c_ex.o
HAL_I2CEx_EnableWakeUp                            build/stm32f3xx_hal_i2c_ex.o
HAL_I2C_AbortCpltCallback                         build/stm32f3xx_hal_i2c.o
HAL_I2C_AddrCallback                              build/stm32f3xx_hal_i2c.o
HAL_I2C_DeInit                                    build/stm32f3xx_hal_i2c.o
HAL_I2C_DisableListen_IT                          build/stm32f3xx_hal_i2c.o
HAL_I2C_ER_IRQHandler                             build/stm32f3xx_hal_i2c.o
HAL_I2C_EV_IRQHandler                             build/stm32f3xx_hal_i2c.o
HAL_I2C_EnableListen_IT                           build/stm32f3xx_hal_i2c.o
HAL_I2C_ErrorCallback                             build/stm32f3xx_hal_i2c.o
HAL_I2C_GetError                                  build/stm32f3xx_hal_i2c.o
HAL_I2C_GetMode                                   build/stm32f3xx_hal_i2c.o
HAL_I2C_GetState                                  build/stm32f3xx_hal_i2c.o
HAL_I2C_Init                                      build/stm32f3xx_hal_i2c.o
HAL_I2C_IsDeviceReady                             build/stm32f3xx_hal_i2c.o
HAL_I2C_ListenCpltCallback                        build/stm32f3xx_hal_i2c.o
HAL_I2C_MasterRxCpltCallback                      build/stm32f3xx_hal_i2c.o
HAL_I2C_MasterTxCpltCallback                      build/stm32f3xx_hal_i2c.o
HAL_I2C_Master_Abort_IT                           build/stm32f3xx_hal_i2c.o
HAL_I2C_Master_Receive                            build/stm32f3xx_hal_i2c.o
HAL_I2C_Master_Receive_DMA                        build/stm32f3xx_hal_i2c.o
HAL_I2C_Master_Receive_IT                         build/stm32f3xx_hal_i2c.o
HAL_I2C_Master_Seq_Receive_DMA                    build/stm32f3xx_hal_i2c.o
HAL_I2C_Master_Seq_Receive_IT                     build/stm32f3xx_hal_i2c.o
HAL_I2C_Master_Seq_Transmit_DMA                   build/stm32f3xx_hal_i2c.o
HAL_I2C_Master_Seq_Transmit_IT                    build/stm32f3xx_hal_i2c.o
HAL_I2C_Master_Transmit                           build/stm32f3xx_hal_i2c.o
HAL_I2C_Master_Transmit_DMA                       build/stm32f3xx_hal_i2c.o
HAL_I2C_Master_Transmit_IT                        build/stm32f3xx_hal_i2c.o
HAL_I2C_MemRxCpltCallback                         build/stm32f3xx_hal_i2c.o
HAL_I2C_MemTxCpltCallback                         build/stm32f3xx_hal_i2c.o
HAL_I2C_Mem_Read                                  build/stm32f3xx_hal_i2c.o
HAL_I2C_Mem_Read_DMA                              build/stm32f3xx_hal_i2c.o
HAL_I2C_Mem_Read_IT                               build/stm32f3xx_hal_i2c.o
HAL_I2C_Mem_Write                                 build/stm32f3xx_hal_i2c.o
HAL_I2C_Mem_Write_DMA                             build/stm32f3xx_hal_i2c.o
HAL_I2C_Mem_Write_IT                              build/stm32f3xx_hal_i2c.o
HAL_I2C_MspDeInit                                 build/stm32f3xx_hal_i2c.o
HAL_I2C_MspInit                                   build/stm32f3xx_hal_i2c.o
HAL_I2C_SlaveRxCpltCallback                       build/stm32f3xx_hal_i2c.o
HAL_I2C_SlaveTxCpltCallback                       build/stm32f3xx_hal_i2c.o
HAL_I2C_Slave_Receive                             build/stm32f3xx_hal_i2c.o
HAL_I2C_Slave_Receive_DMA                         build/stm32f3xx_hal_i2c.o
HAL_I2C_Slave_Receive_IT                          build/stm32f3xx_hal_i2c.o
HAL_I2C_Slave_Seq_Receive_DMA                     build/stm32f3xx_hal_i2c.o
HAL_I2C_Slave_Seq_Receive_IT                      build/stm32f3xx_hal_i2c.o
HAL_I2C_Slave_Seq_Transmit_DMA                    build/stm32f3xx_hal_i2c.o
HAL_I2C_Slave_Seq_Transmit_IT                     build/stm32f3xx_hal_i2c.o
HAL_I2C_Slave_Transmit                            build/stm32f3xx_hal_i2c.o
HAL_I2C_Slave_Transmit_DMA                        build/stm32f3xx_hal_i2c.o
HAL_I2C_Slave_Transmit_IT                         build/stm32f3xx_hal_i2c.o
HAL_IncTick                                       build/stm32f3xx_hal.o
                                                  build/task.o
HAL_Init                                          build/stm32f3xx_hal.o
                                                  build/main.o
HAL_InitTick                                      build/stm32f3xx_hal.o
                                                  build/stm32f3xx_hal_rcc.o
HAL_MPU_ConfigRegion                              build/stm32f3xx_hal_cortex.o
HAL_MPU_Disable                                   build/stm32f3xx_hal_cortex.o
HAL_MPU_Enable                                    build/stm32f3xx_hal_cortex.o
HAL_MspDeInit                                     build/stm32f3xx_hal.o
HAL_MspInit                                       build/stm32f3xx_hal_msp.o
HAL_NVIC_ClearPendingIRQ                          build/stm32f3xx_hal_cortex.o
HAL_NVIC_DisableIRQ                               build/stm32f3xx_hal_cortex.o
HAL_NVIC_EnableIRQ                                build/stm32f3xx_hal_cortex.o
HAL_NVIC_GetActive                                build/stm32f3xx_hal_cortex.o
HAL_NVIC_GetPendingIRQ                            build/stm32f3xx_hal_cortex.o
HAL_NVIC_GetPriority                              build/stm32f3xx_hal_cortex.o
HAL_NVIC_GetPriorityGrouping                      build/stm32f3xx_hal_cortex.o
HAL_NVIC_SetPendingIRQ                            build/stm32f3xx_hal_cortex.o
HAL_NVIC_SetPriority                              build/stm32f3xx_hal_cortex.o
                                                  build/task.o
                                                  build/stm32f3xx_hal.o
HAL_NVIC_SetPriorityGrouping                      build/stm32f3xx_hal_cortex.o
                                                  build/stm32f3xx_hal.o
HAL_NVIC_SystemReset                              build/stm32f3xx_hal_cortex.o
HAL_PWR_ConfigPVD                                 build/stm32f3xx_hal_pwr_ex.o
HAL_PWR_DeInit                                    build/stm32f3xx_hal_pwr.o
HAL_PWR_DisableBkUpAccess                         build/stm32f3xx_hal_pwr.o
HAL_PWR_DisablePVD                                build/stm32f3xx_hal_pwr_ex.o
HAL_PWR_DisableSEVOnPend                          build/stm32f3xx_hal_pwr.o
HAL_PWR_DisableSleepOnExit                        build/stm32f3xx_hal_pwr.o
HAL_PWR_DisableWakeUpPin                          build/stm32f3xx_hal_pwr.o
HAL_PWR_EnableBkUpAccess                          build/stm32f3xx_hal_pwr.o
HAL_PWR_EnablePVD                                 build/stm32f3xx_hal_pwr_ex.o
HAL_PWR_EnableSEVOnPend                           build/stm32f3xx_hal_pwr.o
HAL_PWR_EnableSleepOnExit                         build/stm32f3xx_hal_pwr.o
HAL_PWR_EnableWakeUpPin                           build/stm32f3xx_hal_pwr.o
HAL_PWR_EnterSLEEPMode                            build/stm32f3xx_hal_pwr.o
HAL_PWR_EnterSTANDBYMode                          build/stm32f3xx_hal_pwr.o
HAL_PWR_EnterSTOPMode                             build/stm32f3xx_hal_pwr.o
HAL_PWR_PVDCallback                               build/stm32f3xx_hal_pwr_ex.o
HAL_PWR_PVD_IRQHandler                            build/stm32f3xx_hal_pwr_ex.o
HAL_RCCEx_GetPeriphCLKConfig                      build/stm32f3xx_hal_rcc_ex.o
HAL_RCCEx_GetPeriphCLKFreq                        build/stm32f3xx_hal_rcc_ex.o
HAL_RCCEx_PeriphCLKConfig                         build/stm32f3xx_hal_rcc_ex.o
HAL_RCC_CSSCallback                               build/stm32f3xx_hal_rcc.o
HAL_RCC_ClockConfig                               build/stm32f3xx_hal_rcc.o
                                                  build/main.o
HAL_RCC_DeInit                                    build/stm32f3xx_hal_rcc.o
HAL_RCC_DisableCSS                                build/stm32f3xx_hal_rcc.o
HAL_RCC_EnableCSS                                 build/stm32f3xx_hal_rcc.o
HAL_RCC_GetClockConfig                            build/stm32f3xx_hal_rcc.o
HAL_RCC_GetHCLKFreq                               build/stm32f3xx_hal_rcc.o
HAL_RCC_GetOscConfig                              build/stm32f3xx_hal_rcc.o
HAL_RCC_GetPCLK1Freq                              build/stm32f3xx_hal_rcc.o
                                                  build/stm32f3xx_hal_rcc_ex.o
HAL_RCC_GetPCLK2Freq                              build/stm32f3xx_hal_rcc.o
                                                  build/stm32f3xx_hal_rcc_ex.o
HAL_RCC_GetSysClockFreq                           build/stm32f3xx_hal_rcc.o
                                                  build/stm32f3xx_hal_rcc_ex.o
HAL_RCC_MCOConfig                                 build/stm32f3xx_hal_rcc.o
HAL_RCC_NMI_IRQHandler                            build/stm32f3xx_hal_rcc.o
HAL_RCC_OscConfig                                 build/stm32f3xx_hal_rcc.o
                                                  build/main.o
HAL_ResumeTick                                    build/stm32f3xx_hal.o
HAL_SYSTICK_CLKSourceConfig                       build/stm32f3xx_hal_cortex.o
HAL_SYSTICK_Callback                              build/stm32f3xx_hal_cortex.o
HAL_SYSTICK_Config                                build/stm32f3xx_hal_cortex.o
                                                  build/stm32f3xx_hal.o
HAL_SYSTICK_IRQHandler                            build/stm32f3xx_hal_cortex.o
HAL_SetTickFreq                                   build/stm32f3xx_hal.o
HAL_SuspendTick                                   build/stm32f3xx_hal.o
HardFault_Handler                                 build/stm32f3xx_it.o
I2C1_ER_IRQHandler                                build/startup_stm32f303xe.o
I2C1_EV_IRQHandler                                build/startup_stm32f303xe.o
I2C2_ER_IRQHandler                                build/startup_stm32f303xe.o
I2C2_EV_IRQHandler                                build/startup_stm32f303xe.o
I2C3_ER_IRQHandler                                build/startup_stm32f303xe.o
I2C3_EV_IRQHandler                                build/startup_stm32f303xe.o
KernelStart                                       build/task.o
                                                  build/main.o
MemManage_Handler                                 build/stm32f3xx_it.o
NMI_Handler                                       build/stm32f3xx_it.o
PVD_IRQHandler                                    build/startup_stm32f303xe.o
PendSV_Handler                                    build/task.o
RCC_IRQHandler                                    build/startup_stm32f303xe.o
RTC_Alarm_IRQHandler                              build/startup_stm32f303xe.o
RTC_WKUP_IRQHandler                               build/startup_stm32f303xe.o
Reset_Handler                                     build/startup_stm32f303xe.o
SPI1_IRQHandler                                   build/startup_stm32f303xe.o
SPI2_IRQHandler                                   build/startup_stm32f303xe.o
SPI3_IRQHandler                                   build/startup_stm32f303xe.o
SPI4_IRQHandler                                   build/startup_stm32f303xe.o
SVC_Handler                                       build/task.o
SysTick_Handler                                   build/task.o
SystemClock_Config                                build/main.o
SystemCoreClock                                   build/system_stm32f3xx.o
                                                  build/stm32f3xx_hal_rcc_ex.o
                                                  build/stm32f3xx_hal_rcc.o
                                                  build/stm32f3xx_hal.o
SystemCoreClockUpdate                             build/system_stm32f3xx.o
SystemInit                                        build/system_stm32f3xx.o
                                                  build/startup_stm32f303xe.o
TAMP_STAMP_IRQHandler                             build/startup_stm32f303xe.o
TIM1_BRK_TIM15_IRQHandler                         build/startup_stm32f303xe.o
TIM1_CC_IRQHandler                                build/startup_stm32f303xe.o
TIM1_TRG_COM_TIM17_IRQHandler                     build/startup_stm32f303xe.o
TIM1_UP_TIM16_IRQHandler                          build/startup_stm32f303xe.o
TIM20_BRK_IRQHandler                              build/startup_stm32f303xe.o
TIM20_CC_IRQHandler                               build/startup_stm32f303xe.o
TIM20_TRG_COM_IRQHandler                          build/startup_stm32f303xe.o
TIM20_UP_IRQHandler                               build/startup_stm32f303xe.o
TIM2_IRQHandler                                   build/startup_stm32f303xe.o
TIM3_IRQHandler                                   build/startup_stm32f303xe.o
TIM4_IRQHandler                                   build/startup_stm32f303xe.o
TIM6_DAC_IRQHandler                               build/startup_stm32f303xe.o
TIM7_IRQHandler                                   build/startup_stm32f303xe.o
TIM8_BRK_IRQHandler                               build/startup_stm32f303xe.o
TIM8_CC_IRQHandler                                build/startup_stm32f303xe.o
TIM8_TRG_COM_IRQHandler                           build/startup_stm32f303xe.o
TIM8_UP_IRQHandler                                build/startup_stm32f303xe.o
TaskCreate                                        build/task.o
                                                  build/main.o
TaskYield                                         build/task.o
UART4_IRQHandler                                  build/startup_stm32f303xe.o
UART5_IRQHandler                                  build/startup_stm32f303xe.o
USART1_IRQHandler                                 build/startup_stm32f303xe.o
USART2_IRQHandler                                 build/startup_stm32f303xe.o
USART3_IRQHandler                                 build/startup_stm32f303xe.o
USBWakeUp_IRQHandler                              build/startup_stm32f303xe.o
USBWakeUp_RMP_IRQHandler                          build/startup_stm32f303xe.o
USB_HP_CAN_TX_IRQHandler                          build/startup_stm32f303xe.o
USB_HP_IRQHandler                                 build/startup_stm32f303xe.o
USB_LP_CAN_RX0_IRQHandler                         build/startup_stm32f303xe.o
USB_LP_IRQHandler                                 build/startup_stm32f303xe.o
UsageFault_Handler                                build/stm32f3xx_it.o
WWDG_IRQHandler                                   build/startup_stm32f303xe.o
__bss_end__                                       /home/ubuntu/gcc-arm-none-eabi-7-2017-q4-major/bin/../lib/gcc/arm-none-eabi/7.2.1/../../../../arm-none-eabi/lib/thumb/v7e-m/fpv4-sp/hard/crt0.o
__bss_start__                                     /home/ubuntu/gcc-arm-none-eabi-7-2017-q4-major/bin/../lib/gcc/arm-none-eabi/7.2.1/../../../../arm-none-eabi/lib/thumb/v7e-m/fpv4-sp/hard/crt0.o
__call_exitprocs                                  /home/ubuntu/gcc-arm-none-eabi-7-2017-q4-major/bin/../lib/gcc/arm-none-eabi/7.2.1/../../../../arm-none-eabi/lib/thumb/v7e-m/fpv4-sp/hard/libc_nano.a(lib_a-exit.o)
__deregister_frame_info                           /home/ubuntu/gcc-arm-none-eabi-7-2017-q4-major/bin/../lib/gcc/arm-none-eabi/7.2.1/thumb/v7e-m/fpv4-sp/hard/crtbegin.o
__dso_handle                                      /home/ubuntu/gcc-arm-none-eabi-7-2017-q4-major/bin/../lib/gcc/arm-none-eabi/7.2.1/thumb/v7e-m/fpv4-sp/hard/crtbegin.o
__init_array_end                                  /home/ubuntu/gcc-arm-none-eabi-7-2017-q4-major/bin/../lib/gcc/arm-none-eabi/7.2.1/../../../../arm-none-eabi/lib/thumb/v7e-m/fpv4-sp/hard/libc_nano.a(lib_a-init.o)
__init_array_start                                /home/ubuntu/gcc-arm-none-eabi-7-2017-q4-major/bin/../lib/gcc/arm-none-eabi/7.2.1/../../../../arm-none-eabi/lib/thumb/v7e-m/fpv4-sp/hard/libc_nano.a(lib_a-init.o)
__libc_fini_array                                 /home/ubuntu/gcc-arm-none-eabi-7-2017-q4-major/bin/../lib/gcc/arm-none-eabi/7.2.1/../../../../arm-none-eabi/lib/thumb/v7e-m/fpv4-sp/hard/crt0.o
__libc_init_array                                 /home/ubuntu/gcc-arm-none-eabi-7-2017-q4-major/bin/../lib/gcc/arm-none-eabi/7.2.1/../../../../arm-none-eabi/lib/thumb/v7e-m/fpv4-sp/hard/libc_nano.a(lib_a-init.o)
                                                  build/startup_stm32f303xe.o
                                                  /home/ubuntu/gcc-arm-none-eabi-7-2017-q4-major/bin/../lib/gcc/arm-none-eabi/7.2.1/../../../../arm-none-eabi/lib/thumb/v7e-m/fpv4-sp/hard/crt0.o
__preinit_array_end                               /home/ubuntu/gcc-arm-none-eabi-7-2017-q4-major/bin/../lib/gcc/arm-none-eabi/7.2.1/../../../../arm-none-eabi/lib/thumb/v7e-m/fpv4-sp/hard/libc_nano.a(lib_a-init.o)
__preinit_array_start                             /home/ubuntu/gcc-arm-none-eabi-7-2017-q4-major/bin/../lib/gcc/arm-none-eabi/7.2.1/../../../../arm-none-eabi/lib/thumb/v7e-m/fpv4-sp/hard/libc_nano.a(lib_a-init.o)
__register_frame_info                             /home/ubuntu/gcc-arm-none-eabi-7-2017-q4-major/bin/../lib/gcc/arm-none-eabi/7.2.1/thumb/v7e-m/fpv4-sp/hard/crtbegin.o
__sf_fake_stderr                                  /home/ubuntu/gcc-arm-none-eabi-7-2017-q4-major/bin/../lib/gcc/arm-none-eabi/7.2.1/../../../../arm-none-eabi/lib/thumb/v7e-m/fpv4-sp/hard/libc_nano.a(lib_a-impure.o)
__sf_fake_stdin                                   /home/ubuntu/gcc-arm-none-eabi-7-2017-q4-major/bin/../lib/gcc/arm-none-eabi/7.2.1/../../../../arm-none-eabi/lib/thumb/v7e-m/fpv4-sp/hard/libc_nano.a(lib_a-impure.o)
__sf_fake_stdout                                  /home/ubuntu/gcc-arm-none-eabi-7-2017-q4-major/bin/../lib/gcc/arm-none-eabi/7.2.1/../../../../arm-none-eabi/lib/thumb/v7e-m/fpv4-sp/hard/libc_nano.a(lib_a-impure.o)
__stack                                           /home/ubuntu/gcc-arm-none-eabi-7-2017-q4-major/bin/../lib/gcc/arm-none-eabi/7.2.1/../../../../arm-none-eabi/lib/thumb/v7e-m/fpv4-sp/hard/crt0.o
_ebss                                             build/startup_stm32f303xe.o
_edata                                            build/startup_stm32f303xe.o
_estack                                           build/startup_stm32f303xe.o
_exit                                             /home/ubuntu/gcc-arm-none-eabi-7-2017-q4-major/bin/../lib/gcc/arm-none-eabi/7.2.1/../../../../arm-none-eabi/lib/thumb/v7e-m/fpv4-sp/hard/libnosys.a(_exit.o)
                                                  /home/ubuntu/gcc-arm-none-eabi-7-2017-q4-major/bin/../lib/gcc/arm-none-eabi/7.2.1/../../../../arm-none-eabi/lib/thumb/v7e-m/fpv4-sp/hard/libc_nano.a(lib_a-exit.o)
_fini                                             /home/ubuntu/gcc-arm-none-eabi-7-2017-q4-major/bin/../lib/gcc/arm-none-eabi/7.2.1/thumb/v7e-m/fpv4-sp/hard/crti.o
_global_impure_ptr                                /home/ubuntu/gcc-arm-none-eabi-7-2017-q4-major/bin/../lib/gcc/arm-none-eabi/7.2.1/../../../../arm-none-eabi/lib/thumb/v7e-m/fpv4-sp/hard/libc_nano.a(lib_a-impure.o)
                                                  /home/ubuntu/gcc-arm-none-eabi-7-2017-q4-major/bin/../lib/gcc/arm-none-eabi/7.2.1/../../../../arm-none-eabi/lib/thumb/v7e-m/fpv4-sp/hard/libc_nano.a(lib_a-exit.o)
_impure_ptr                                       /home/ubuntu/gcc-arm-none-eabi-7-2017-q4-major/bin/../lib/gcc/arm-none-eabi/7.2.1/../../../../arm-none-eabi/lib/thumb/v7e-m/fpv4-sp/hard/libc_nano.a(lib_a-impure.o)
_init                                             /home/ubuntu/gcc-arm-none-eabi-7-2017-q4-major/bin/../lib/gcc/arm-none-eabi/7.2.1/thumb/v7e-m/fpv4-sp/hard/crti.o
                                                  /home/ubuntu/gcc-arm-none-eabi-7-2017-q4-major/bin/../lib/gcc/arm-none-eabi/7.2.1/../../../../arm-none-eabi/lib/thumb/v7e-m/fpv4-sp/hard/libc_nano.a(lib_a-init.o)
_mainCRTStartup                                   /home/ubuntu/gcc-arm-none-eabi-7-2017-q4-major/bin/../lib/gcc/arm-none-eabi/7.2.1/../../../../arm-none-eabi/lib/thumb/v7e-m/fpv4-sp/hard/crt0.o
_sbss                                             build/startup_stm32f303xe.o
_sdata                                            build/startup_stm32f303xe.o
_sidata                                           build/startup_stm32f303xe.o
_start                                            /home/ubuntu/gcc-arm-none-eabi-7-2017-q4-major/bin/../lib/gcc/arm-none-eabi/7.2.1/../../../../arm-none-eabi/lib/thumb/v7e-m/fpv4-sp/hard/crt0.o
aPLLMULFactorTable                                build/stm32f3xx_hal_rcc.o
aPredivFactorTable                                build/stm32f3xx_hal_rcc.o
atexit                                            /home/ubuntu/gcc-arm-none-eabi-7-2017-q4-major/bin/../lib/gcc/arm-none-eabi/7.2.1/../../../../arm-none-eabi/lib/thumb/v7e-m/fpv4-sp/hard/crt0.o
currentTask                                       build/task.o
exit                                              /home/ubuntu/gcc-arm-none-eabi-7-2017-q4-major/bin/../lib/gcc/arm-none-eabi/7.2.1/../../../../arm-none-eabi/lib/thumb/v7e-m/fpv4-sp/hard/libc_nano.a(lib_a-exit.o)
                                                  /home/ubuntu/gcc-arm-none-eabi-7-2017-q4-major/bin/../lib/gcc/arm-none-eabi/7.2.1/../../../../arm-none-eabi/lib/thumb/v7e-m/fpv4-sp/hard/crt0.o
g_pfnVectors                                      build/startup_stm32f303xe.o
hardware_init_hook                                /home/ubuntu/gcc-arm-none-eabi-7-2017-q4-major/bin/../lib/gcc/arm-none-eabi/7.2.1/../../../../arm-none-eabi/lib/thumb/v7e-m/fpv4-sp/hard/crt0.o
main                                              build/main.o
                                                  build/startup_stm32f303xe.o
                                                  /home/ubuntu/gcc-arm-none-eabi-7-2017-q4-major/bin/../lib/gcc/arm-none-eabi/7.2.1/../../../../arm-none-eabi/lib/thumb/v7e-m/fpv4-sp/hard/crt0.o
memcpy                                            /home/ubuntu/gcc-arm-none-eabi-7-2017-q4-major/bin/../lib/gcc/arm-none-eabi/7.2.1/../../../../arm-none-eabi/lib/thumb/v7e-m/fpv4-sp/hard/libc_nano.a(lib_a-memcpy-stub.o)
                                                  build/task.o
memset                                            /home/ubuntu/gcc-arm-none-eabi-7-2017-q4-major/bin/../lib/gcc/arm-none-eabi/7.2.1/../../../../arm-none-eabi/lib/thumb/v7e-m/fpv4-sp/hard/libc_nano.a(lib_a-memset.o)
                                                  build/main.o
                                                  /home/ubuntu/gcc-arm-none-eabi-7-2017-q4-major/bin/../lib/gcc/arm-none-eabi/7.2.1/../../../../arm-none-eabi/lib/thumb/v7e-m/fpv4-sp/hard/crt0.o
nextTask                                          build/task.o
pFlash                                            build/stm32f3xx_hal_flash.o
                                                  build/stm32f3xx_hal_flash_ex.o
software_init_hook                                /home/ubuntu/gcc-arm-none-eabi-7-2017-q4-major/bin/../lib/gcc/arm-none-eabi/7.2.1/../../../../arm-none-eabi/lib/thumb/v7e-m/fpv4-sp/hard/crt0.o
switchTask                                        build/task.o
uwTick                                            build/stm32f3xx_hal.o
uwTickFreq                                        build/stm32f3xx_hal.o
uwTickPrio                                        build/stm32f3xx_hal.o
                                                  build/stm32f3xx_hal_rcc.o
